---
source: examples/demo2/main.rs
expression: terminal.backend()
---
"Ratatui                               Recipe  Email  Traceroute  Weather        "
"▀▀▀▀▀▀▀▀▀▀▀▀▀▀▀▀▀▀▀▀▀▀▀▀▀▀▀▀▀▀▀▀▀▀▀▀▀▀▀▀▀▀▀▀▀▀▀▀▀▄▄███▄▀▀▀▀▀▀▀▀▀▀▀▀▀▀▀▀▀▀▀▀▀▀▀▀▀"
"▀▀▀▀▀▀▀▀▀▀▀▀▀▀▀▀▀▀▀▀▀▀▀▀▀▀▀▀▀▀▀▀▀▀▀▀▀▀▀▀▀▀▀▀▀▀▀▄███████▀▀▀▀▀▀▀▀▀▀▀▀▀▀▀▀▀▀▀▀▀▀▀▀▀"
"▀▀▀▀▀▀▀▀▀▀▀▀▀▀▀▀▀▀▀▀▀▀▀▀▀▀▀▀▀▀▀▀▀▀▀▀▀▀▀▀▀▀▀▀▀▄█████████▀▀▀▀▀▀▀▀▀▀▀▀▀▀▀▀▀▀▀▀▀▀▀▀▀"
"▀▀▀▀▀▀▀▀▀▀▀▀▀▀▀▀▀▀▀▀▀▀▀▀▀▀▀▀▀▀▀▀▀▀▀▀▀▀▀▀▀▀▀▀████████████▄▀▀▀▀▀▀▀▀▀▀▀▀▀▀▀▀▀▀▀▀▀▀▀"
"▀▀                              ▀▀▀▀▀▀▀▀▀▀▀▀▀███████████▀▀▀▀▄▄██████▀▀▀▀▀▀▀▀▀▀▀▀"
"▀▀  ──────── Ratatui ─────────  ▀▀▀▀▀▀▀▀▀▀▀▀▀▀▀▀▀▀▀███▀▄█▀▀████████▀▀▀▀▀▀▀▀▀▀▀▀▀"
"▀▀  - cooking up terminal user  ▀▀▀▀▀▀▀▀▀▀▀▀▀▀▀▀▄▄▄▄▀▄████████████▀▀▀▀▀▀▀▀▀▀▀▀▀▀"
"▀▀  interfaces -                ▀▀▀▀▀▀▀▀▀▀▀▀▀▀▀████████████████▀▀▀▀▀▀▀▀▀▀▀▀▀▀▀▀▀"
"▀▀                              ▀▀▀▀▀▀▀▀▀▀▀▀▀▀▀▀███▀██████████▀▀▀▀▀▀▀▀▀▀▀▀▀▀▀▀▀▀"
"▀▀  Ratatui is a Rust crate     ▀▀▀▀▀▀▀▀▀▀▀▀▀▄▀▀▄▀▀▀█████████▀▀▀▀▀▀▀▀▀▀▀▀▀▀▀▀▀▀▀"
"▀▀  that provides widgets       ▀▀▀▀▀▀▀▀▀▀▀▄▀ ▄  ▀▄▀█████████▀▀▀▀▀▀▀▀▀▀▀▀▀▀▀▀▀▀▀"
"▀▀  (e.g. Paragraph, Table)     ▀▀▀▀▀▀▀▀▀▄▀  ▀▀    ▀▄▀███████▄▄▄▀▀▀▀▀▀▀▀▀▀▀▀▀▀▀▀"
"▀▀  and draws them to the       ▀▀▀▀▀▀▀▄▀      ▄▄    ▀▄▀█████████▀▀▀▀▀▀▀▀▀▀▀▀▀▀▀"
"▀▀                              ▀▀▀▀▀▄▀         ▀▀     ▀▄▀██▀▀▀███▀▀▀▀▀▀▀▀▀▀▀▀▀▀"
"▀▀▀▀▀▀▀▀▀▀▀▀▀▀▀▀▀▀▀▀▀▀▀▀▀▀▀▀▀▀▀▀▀▀▀▀█                    ▀▄▀▀▀▄██▀▀▀▀▀▀▀▀▀▀▀▀▀▀▀"
"▀▀▀▀▀▀▀▀▀▀▀▀▀▀▀▀▀▀▀▀▀▀▀▀▀▀▀▀▀▀▀▀▀▀▀▀▀▀▄                    ▀▄▀█▀▀▀▀▀▀▀▀▀▀▀▀▀▀▀▀▀"
"▀▀▀▀▀▀▀▀▀▀▀▀▀▀▀▀▀▀▀▀▀▀▀▀▀▀▀▀▀▀▀▀▀▀▀▀▀▀▀▀▀▀▀▀▀▀▀▀▀▀▀▀▀▀▀▀▀▀▀▀▀▀▀▀▀▀▀▀▀▀▀▀▀▀▀▀▀▀▀▀"
"▀▀▀▀▀▀▀▀▀▀▀▀▀▀▀▀▀▀▀▀▀▀▀▀▀▀▀▀▀▀▀▀▀▀▀▀▀▀▀▀▀▀▀▀▀▀▀▀▀▀▀▀▀▀▀▀▀▀▀▀▀▀▀▀▀▀▀▀▀▀▀▀▀▀▀▀▀▀▀▀"
"     H/←  Left  L/→  Right  K/↑  Up  J/↓  Down  D/Del  Destroy  Q/Esc  Quit     "
